[[1;34mINFO[m] Scanning for projects...
[[1;33mWARNING[m] 
[[1;33mWARNING[m] Some problems were encountered while building the effective model for org.example:Backend:jar:0.0.1-SNAPSHOT
[[1;33mWARNING[m] 'dependencies.dependency.(groupId:artifactId:type:classifier)' must be unique: org.projectlombok:lombok:jar -> duplicate declaration of version (?) @ line 100, column 21
[[1;33mWARNING[m] 
[[1;33mWARNING[m] It is highly recommended to fix these problems because they threaten the stability of your build.
[[1;33mWARNING[m] 
[[1;33mWARNING[m] For this reason, future Maven versions might no longer support building such malformed projects.
[[1;33mWARNING[m] 
[[1;34mINFO[m] 
[[1;34mINFO[m] [1m------------------------< [0;36morg.example:Backend[0;1m >-------------------------[m
[[1;34mINFO[m] [1mBuilding Backend 0.0.1-SNAPSHOT[m
[[1;34mINFO[m] [1m--------------------------------[ jar ]---------------------------------[m
[[1;34mINFO[m] 
[[1;34mINFO[m] [1m>>> [0;32mspring-boot-maven-plugin:4.0.3:run[m [1m(default-cli)[0;1m > [0;1mtest-compile[m @ [36mBackend[0;1m >>>[m
[[1;34mINFO[m] 
[[1;34mINFO[m] [1m--- [0;32mmaven-resources-plugin:3.3.1:resources[m [1m(default-resources)[m @ [36mBackend[0;1m ---[m
[[1;34mINFO[m] Copying 1 resource from src/main/resources to target/classes
[[1;34mINFO[m] Copying 2 resources from src/main/resources to target/classes
[[1;34mINFO[m] 
[[1;34mINFO[m] [1m--- [0;32mmaven-compiler-plugin:3.14.1:compile[m [1m(default-compile)[m @ [36mBackend[0;1m ---[m
[[1;34mINFO[m] Nothing to compile - all classes are up to date.
[[1;34mINFO[m] 
[[1;34mINFO[m] [1m--- [0;32mmaven-resources-plugin:3.3.1:testResources[m [1m(default-testResources)[m @ [36mBackend[0;1m ---[m
[[1;34mINFO[m] Copying 1 resource from src/test/resources to target/test-classes
[[1;34mINFO[m] 
[[1;34mINFO[m] [1m--- [0;32mmaven-compiler-plugin:3.14.1:testCompile[m [1m(default-testCompile)[m @ [36mBackend[0;1m ---[m
[[1;34mINFO[m] Nothing to compile - all classes are up to date.
[[1;34mINFO[m] 
[[1;34mINFO[m] [1m<<< [0;32mspring-boot-maven-plugin:4.0.3:run[m [1m(default-cli)[0;1m < [0;1mtest-compile[m @ [36mBackend[0;1m <<<[m
[[1;34mINFO[m] 
[[1;34mINFO[m] 
[[1;34mINFO[m] [1m--- [0;32mspring-boot-maven-plugin:4.0.3:run[m [1m(default-cli)[m @ [36mBackend[0;1m ---[m
[[1;34mINFO[m] Attaching agents: []

  .   ____          _            __ _ _
 /\\ / ___'_ __ _ _(_)_ __  __ _ \ \ \ \
( ( )\___ | '_ | '_| | '_ \/ _` | \ \ \ \
 \\/  ___)| |_)| | | | | || (_| |  ) ) ) )
  '  |____| .__|_| |_|_| |_\__, | / / / /
 =========|_|==============|___/=/_/_/_/

 :: Spring Boot ::                (v4.0.3)

2026-03-22T17:54:15.487+08:00  INFO 13430 --- [building-energy-mos] [           main] org.example.backend.BackendApplication   : Starting BackendApplication using Java 17.0.18 with PID 13430 (/home/crane/桌面/GitMyself/ProjectMos/Backend/target/classes started by crane in /home/crane/桌面/GitMyself/ProjectMos/Backend)
2026-03-22T17:54:15.489+08:00  INFO 13430 --- [building-energy-mos] [           main] org.example.backend.BackendApplication   : No active profile set, falling back to 1 default profile: "default"
2026-03-22T17:54:15.837+08:00  INFO 13430 --- [building-energy-mos] [           main] .s.d.r.c.RepositoryConfigurationDelegate : Bootstrapping Spring Data JPA repositories in DEFAULT mode.
2026-03-22T17:54:15.866+08:00  INFO 13430 --- [building-energy-mos] [           main] .s.d.r.c.RepositoryConfigurationDelegate : Finished Spring Data repository scanning in 25 ms. Found 3 JPA repository interfaces.
2026-03-22T17:54:16.088+08:00  INFO 13430 --- [building-energy-mos] [           main] o.s.boot.tomcat.TomcatWebServer          : Tomcat initialized with port 8080 (http)
2026-03-22T17:54:16.094+08:00  INFO 13430 --- [building-energy-mos] [           main] o.apache.catalina.core.StandardService   : Starting service [Tomcat]
2026-03-22T17:54:16.094+08:00  INFO 13430 --- [building-energy-mos] [           main] o.apache.catalina.core.StandardEngine    : Starting Servlet engine: [Apache Tomcat/11.0.18]
2026-03-22T17:54:16.114+08:00  INFO 13430 --- [building-energy-mos] [           main] b.w.c.s.WebApplicationContextInitializer : Root WebApplicationContext: initialization completed in 604 ms
2026-03-22T17:54:16.218+08:00  INFO 13430 --- [building-energy-mos] [           main] org.hibernate.orm.jpa                    : HHH008540: Processing PersistenceUnitInfo [name: default]
2026-03-22T17:54:16.237+08:00  INFO 13430 --- [building-energy-mos] [           main] org.hibernate.orm.core                   : HHH000001: Hibernate ORM core version 7.2.4.Final
2026-03-22T17:54:16.384+08:00  INFO 13430 --- [building-energy-mos] [           main] o.s.o.j.p.SpringPersistenceUnitInfo      : No LoadTimeWeaver setup: ignoring JPA class transformer
2026-03-22T17:54:16.397+08:00  INFO 13430 --- [building-energy-mos] [           main] com.zaxxer.hikari.HikariDataSource       : HikariPool-1 - Starting...
2026-03-22T17:54:16.509+08:00  INFO 13430 --- [building-energy-mos] [           main] com.zaxxer.hikari.pool.HikariPool        : HikariPool-1 - Added connection org.postgresql.jdbc.PgConnection@6705b763
2026-03-22T17:54:16.510+08:00  INFO 13430 --- [building-energy-mos] [           main] com.zaxxer.hikari.HikariDataSource       : HikariPool-1 - Start completed.
2026-03-22T17:54:16.526+08:00  WARN 13430 --- [building-energy-mos] [           main] org.hibernate.orm.deprecation            : HHH90000025: PostgreSQLDialect does not need to be specified explicitly using 'hibernate.dialect' (remove the property setting and it will be selected by default)
2026-03-22T17:54:16.536+08:00  INFO 13430 --- [building-energy-mos] [           main] org.hibernate.orm.connections.pooling    : HHH10001005: Database info:
	Database JDBC URL [jdbc:postgresql://localhost:5432/energy_mos]
	Database driver: PostgreSQL JDBC Driver
	Database dialect: PostgreSQLDialect
	Database version: 14.22
	Default catalog/schema: energy_mos/public
	Autocommit mode: undefined/unknown
	Isolation level: READ_COMMITTED [default READ_COMMITTED]
	JDBC fetch size: none
	Pool: DataSourceConnectionProvider
	Minimum pool size: undefined/unknown
	Maximum pool size: undefined/unknown
2026-03-22T17:54:16.893+08:00  INFO 13430 --- [building-energy-mos] [           main] org.hibernate.orm.core                   : HHH000489: No JTA platform available (set 'hibernate.transaction.jta.platform' to enable JTA platform integration)
2026-03-22T17:54:16.923+08:00  INFO 13430 --- [building-energy-mos] [           main] j.LocalContainerEntityManagerFactoryBean : Initialized JPA EntityManagerFactory for persistence unit 'default'
2026-03-22T17:54:16.958+08:00  INFO 13430 --- [building-energy-mos] [           main] o.s.d.j.r.query.QueryEnhancerFactories   : Hibernate is in classpath; If applicable, HQL parser will be used.
2026-03-22T17:54:17.081+08:00  WARN 13430 --- [building-energy-mos] [           main] JpaBaseConfiguration$JpaWebConfiguration : spring.jpa.open-in-view is enabled by default. Therefore, database queries may be performed during view rendering. Explicitly configure spring.jpa.open-in-view to disable this warning
2026-03-22T17:54:17.292+08:00  INFO 13430 --- [building-energy-mos] [           main] o.s.b.a.e.web.EndpointLinksResolver      : Exposing 1 endpoint beneath base path '/actuator'
2026-03-22T17:54:17.322+08:00  INFO 13430 --- [building-energy-mos] [           main] o.s.boot.tomcat.TomcatWebServer          : Tomcat started on port 8080 (http) with context path '/'
2026-03-22T17:54:17.327+08:00  INFO 13430 --- [building-energy-mos] [           main] org.example.backend.BackendApplication   : Started BackendApplication in 2.011 seconds (process running for 2.158)
